Keymaster\Response Object
(
    [output:Keymaster\Response:private] => 
    [hjs:Keymaster\Response:private] => 
    [bjs:Keymaster\Response:private] => 
)
