<p class="xh_fail">./plugins/keymaster/key cannot be written</p>
