<!-- keymaster dialog -->
<div id="keymaster">
  <div class="keymaster_message">
    <p>Somebody else is editing the site now. Try again later.</p>
    <form method="post" action="/?&amp;logout" class="keymaster_buttons">
      <button>Logout</button>
    </form>
  </div>
</div>
