<p class="xh_fail">Somebody else is editing the site now. Try again later.</p>
