<!-- keymaster dialog -->
<div id="keymaster" style="display: none">
  <div class="keymaster_message">
    <p></p>
    <div class="keymaster_buttons">
      <button>Prolong session</button>
    </div>
</div>
