<!DOCTYPE html>
<html>
  <head>
    <meta http-equiv="refresh" content="300">
    <link href="/plugins/keymaster/css/stylesheet.css" rel="stylesheet">
  </head>
  <body class="keymaster_lock_screen">
    <div class="keymaster_lock_message">
      <p>Somebody else is currently editing the site. Logout to view the site right away, or wait 5 minutes for an automatic retry to access the site as admin.</p>
      <form method="post" action="/?&amp;logout" class="keymaster_buttons">
        <button>Logout</button>
      </form>
    </div>
  </body>
</html>
