<!-- keymaster plugin info -->
<h1>Keymaster_XH 2.0-dev</h1>
<h4>System check</h4>
<ul class="keymaster_syscheck">
  <p class="xh_success">PHP version ≥ 7.1.0</p>
  <p class="xh_success">Extension &quot;json&quot; loaded</p>
  <p class="xh_success">CMSimple_XH version ≥ 1.7.0</p>
  <p class="xh_success">Plib_XH version ≥ 1.7</p>
  <p class="xh_success">Folder &quot;./plugins/keymaster/config/&quot; writable</p>
  <p class="xh_success">Folder &quot;./plugins/keymaster/css/&quot; writable</p>
  <p class="xh_success">Folder &quot;./plugins/keymaster/languages/&quot; writable</p>
  <p class="xh_success">File &quot;./plugins/keymaster/key&quot; writable</p>
</ul>
