
<h1>Keymaster_XH 2.0-dev</h1>
<h4>System check</h4>
<ul class="keymaster_syscheck">
  <p class="xh_success">PHP version &ge; 7.1.0</p>
  <p class="xh_success">Extension "json" loaded</p>
  <p class="xh_success">CMSimple_XH version &ge; 1.7.0</p>
  <p class="xh_success">Folder "./config/" writable</p>
  <p class="xh_success">Folder "./css/" writable</p>
  <p class="xh_success">Folder "./languages/" writable</p>
  <p class="xh_success">File ".//key" writable</p>
</ul>
